RAM Allocation [bytes]
Variable                                                                          Address   Size
------------------------------------------------------------------------------------------------
lcdBuf                                                                            0x0260      32
_base_y                                                                           0x0280       4

EEPROM Allocation [bytes]
Variable                                                                          Address   Size
------------------------------------------------------------------------------------------------

Register Allocation
Variable                                                                          Register  Size
------------------------------------------------------------------------------------------------
temp                                                                              R4,R5        2
_lcd_x                                                                            R7           1
_lcd_y                                                                            R6           1
_lcd_maxx                                                                         R9           1

FLASH Allocation [words]
Function                                                                          Address   Size
------------------------------------------------------------------------------------------------
read_adc                                                                          0x0006A     15
main                                                                              0x00079    130
put_buff_G100                                                                     0x000FB     64
_print_G100                                                                       0x0013B    308
sprintf                                                                           0x0026F     52
_lcd_write_nibble_G101                                                            0x002A3     20
_lcd_write_data                                                                   0x002B7     12
lcd_gotoxy                                                                        0x002C3     13
lcd_clear                                                                         0x002D0     12
lcd_putchar                                                                       0x002DC     21
lcd_puts                                                                          0x002F1     17
lcd_init                                                                          0x00302     45
strlen                                                                            0x0032F     12
strlenf                                                                           0x0033B     13
